<testsuites name="Frontend tests">
</testsuites>